components/MachineQuickScanModal.tsx(66,34): error TS2339: Property 'mat' does not exist on type 'ParsedMachineQr'.
components/MachineQuickScanModal.tsx(82,40): error TS2339: Property 'mat' does not exist on type 'ParsedMachineQr'.
components/MachineQuickScanModal.tsx(96,11): error TS2322: Type '{ matricule: string; brand: string; status: "OK" | "PANNE" | "MAINT"; chainId: string; id: string; name: string; classe: string; speed: number; speedMajor: number; cofs: number; active: boolean; ... 8 more ...; serialNumber?: string; } | { ...; }' is not assignable to type 'Machine'.
  Type '{ id: string; name: string; classe: string; active: true; matricule: string; brand: string; status: "OK" | "PANNE" | "MAINT"; chainId: string; }' is not assignable to type 'Machine'.
    Type '{ id: string; name: string; classe: string; active: true; matricule: string; brand: string; status: "OK" | "PANNE" | "MAINT"; chainId: string; }' is missing the following properties from type 'MachineClass': speed, speedMajor, cofs
components/PageMachine.tsx(354,27): error TS2339: Property 'bf' does not exist on type 'ModelData'.
components/PageMachine.tsx(357,35): error TS2339: Property 'numWorkers' does not exist on type 'ModelData'.
components/PageMachine.tsx(359,37): error TS2339: Property 'presenceTime' does not exist on type 'ModelData'.
components/PageMachine.tsx(361,35): error TS2339: Property 'efficiency' does not exist on type 'ModelData'.
components/PageMachine.tsx(364,71): error TS2339: Property 'assignments' does not exist on type 'ModelData'.
components/PageMachine.tsx(365,61): error TS2339: Property 'postes' does not exist on type 'ModelData'.
components/PageMachine.tsx(367,73): error TS2339: Property 'layoutMemory' does not exist on type 'ModelData'.
components/PageMachine.tsx(369,73): error TS2339: Property 'activeLayout' does not exist on type 'ModelData'.
components/PageMachine.tsx(376,71): error TS2339: Property 'manualLinks' does not exist on type 'ModelData'.
components/PageMachine.tsx(531,134): error TS2367: This comparison appears to be unintentional because the types '"IN_PROGRESS" | "DONE" | "BLOCKED_STOCK" | "EXTERNAL_PROCESS" | "ON_TRACK" | "AT_RISK" | "OFF_TRACK"' and '"PENDING"' have no overlap.
